[publish] source commit: a8a0ca0613e7
[publish] bundle entry name: game-a8a0ca0613e7
[publish] staging in /tmp/publisher130-partial-d4vld1a6/full_partial_sparse/tmp.lmxhRRs35S
[publish] injected cache-control meta into index.html
[publish] cache-control meta tags injected; data-build=game-a8a0ca0613e7
[publish] verifying HTML patches...
[publish] HTML verification passed: executable=game-a8a0ca0613e7, fileSizes keys correct, script.src=game-a8a0ca0613e7.js
[publish] engine version: fixture-version-only-no-engine
[publish] switching to gh-pages branch...
HEAD is now at 1f015d6 Pages changes after source checkout
[publish] pruning 2 old bundle(s), retaining current and recent publications...
[publish]   removing game-a.*
[publish]   removing game-ff.*
[detached HEAD 74cd90a] Publish source history 2 (a8a0ca0613e7)
 Author: Cursor Agent <cursoragent@cursor.com>
 25 files changed, 690 insertions(+), 7 deletions(-)
 create mode 100644 .nojekyll
 delete mode 100644 game-a.js
 delete mode 100644 game-a.pck
 delete mode 100644 game-a.wasm
 create mode 100644 game-a8a0ca0613e7.js
 create mode 100644 game-a8a0ca0613e7.pck
 create mode 100644 game-a8a0ca0613e7.wasm
 delete mode 100644 game-ff.js
 delete mode 100644 game-ff.pck
 delete mode 100644 game-ff.wasm
 create mode 100644 game-release.json
 create mode 100644 index.js
 create mode 100644 index.pck
 create mode 100644 index.wasm
 create mode 100644 save-a8a0ca0613e7/bridge.mjs
 create mode 100644 save-a8a0ca0613e7/budgets.mjs
 create mode 100644 save-a8a0ca0613e7/host.mjs
 create mode 100644 save-a8a0ca0613e7/idbfs_source.mjs
 create mode 100644 save-a8a0ca0613e7/legacy_inspection.mjs
 create mode 100644 save-a8a0ca0613e7/legacy_seal.mjs
 create mode 100644 save-a8a0ca0613e7/legacy_v5.mjs
 create mode 100644 save-a8a0ca0613e7/lifecycle.mjs
 create mode 100644 save-a8a0ca0613e7/source_decode.mjs
 create mode 100644 save-a8a0ca0613e7/store.mjs
[publish] ✓ done.
[publish]   entry:  game-a8a0ca0613e7
[publish]   pages:  https://narutojzm1-dot.github.io/youjia/
[publish]   verify: document.documentElement.dataset.build in browser console should equal 'game-a8a0ca0613e7'
Preparing worktree (detached HEAD 1f015d6)
To file:///tmp/publisher130-partial-d4vld1a6/full_partial_sparse/remote.git
   1f015d6..74cd90a  HEAD -> gh-pages
